parent dir (abspath):         /home/cip/programare/git/site_distribuitor_new2025
reldir  (rel to start dir):   apioferte
basename (same as above):     apioferte
cfg['APIUSER']: chocodist
__name__: apioferte
app.config['APIUSER']: chocodist
=========================================
       2025-11-24 22:05:46,184
=========================================
basedir (abspath):            /home/cip/programare/git/site_distribuitor_new2025/apioferte
parent dir (abspath):         /home/cip/programare/git/site_distribuitor_new2025
reldir  (rel to start dir):   apioferte
basename (same as above):     apioferte
cfg['APIUSER']: chocodist
__name__: apioferte
app.config['APIUSER']: chocodist
=========================================
       2025-11-24 22:06:39,661
=========================================
basedir (abspath):            /home/cip/programare/git/site_distribuitor_new2025/apioferte
parent dir (abspath):         /home/cip/programare/git/site_distribuitor_new2025
reldir  (rel to start dir):   apioferte
basename (same as above):     apioferte
cfg['APIUSER']: chocodist
__name__: apioferte
app.config['APIUSER']: chocodist
=========================================
       2025-11-24 22:07:25,150
=========================================
basedir (abspath):            /home/cip/programare/git/site_distribuitor_new2025/apioferte
parent dir (abspath):         /home/cip/programare/git/site_distribuitor_new2025
reldir  (rel to start dir):   apioferte
basename (same as above):     apioferte
cfg['APIUSER']: chocodist
__name__: apioferte
app.config['APIUSER']: chocodist
=========================================
       2025-11-24 22:07:59,516
=========================================
basedir (abspath):            /home/cip/programare/git/site_distribuitor_new2025/apioferte
parent dir (abspath):         /home/cip/programare/git/site_distribuitor_new2025
reldir  (rel to start dir):   apioferte
basename (same as above):     apioferte
cfg['APIUSER']: chocodist
__name__: apioferte
app.config['APIUSER']: chocodist
=========================================
       2025-11-24 22:08:39,925
=========================================
basedir (abspath):            /home/cip/programare/git/site_distribuitor_new2025/apioferte
parent dir (abspath):         /home/cip/programare/git/site_distribuitor_new2025
reldir  (rel to start dir):   apioferte
basename (same as above):     apioferte
cfg['APIUSER']: chocodist
__name__: apioferte
app.config['APIUSER']: chocodist
=========================================
       2025-11-24 22:09:33,377
=========================================
basedir (abspath):            /home/cip/programare/git/site_distribuitor_new2025/apioferte
parent dir (abspath):         /home/cip/programare/git/site_distribuitor_new2025
reldir  (rel to start dir):   apioferte
basename (same as above):     apioferte
cfg['APIUSER']: chocodist
__name__: apioferte
app.config['APIUSER']: chocodist
=========================================
       2025-11-24 22:10:12,759
=========================================
basedir (abspath):            /home/cip/programare/git/site_distribuitor_new2025/apioferte
parent dir (abspath):         /home/cip/programare/git/site_distribuitor_new2025
reldir  (rel to start dir):   apioferte
basename (same as above):     apioferte
cfg['APIUSER']: chocodist
__name__: apioferte
app.config['APIUSER']: chocodist
